CRITICAL - 2025-04-30 15:26:29 --> ErrorException: Undefined property: CodeIgniter\View\View::$security
[Method: GET, Route: vehiculos]
in APPPATH\Views\vehiculos.php on line 321.
 1 APPPATH\Views\vehiculos.php(321): CodeIgniter\Debug\Exceptions->errorHandler(2, 'Undefined property: CodeIgniter\\View\\View::$security', 'D:\\wamp64\\www\\car-crud\\app\\Views\\vehiculos.php', 321)
 2 SYSTEMPATH\View\View.php(224): include('D:\\wamp64\\www\\car-crud\\app\\Views\\vehiculos.php')
 3 SYSTEMPATH\View\View.php(227): CodeIgniter\View\View->CodeIgniter\View\{closure}()
 4 SYSTEMPATH\Common.php(1173): CodeIgniter\View\View->render('vehiculos', [], true)
 5 APPPATH\Controllers\Vehiculo.php(13): view('vehiculos', [...])
 6 SYSTEMPATH\CodeIgniter.php(933): App\Controllers\Vehiculo->index()
 7 SYSTEMPATH\CodeIgniter.php(507): CodeIgniter\CodeIgniter->runController(Object(App\Controllers\Vehiculo))
 8 SYSTEMPATH\CodeIgniter.php(354): CodeIgniter\CodeIgniter->handleRequest(null, Object(Config\Cache), false)
 9 SYSTEMPATH\Boot.php(334): CodeIgniter\CodeIgniter->run()
10 SYSTEMPATH\Boot.php(67): CodeIgniter\Boot::runCodeIgniter(Object(CodeIgniter\CodeIgniter))
11 FCPATH\index.php(56): CodeIgniter\Boot::bootWeb(Object(Config\Paths))
CRITICAL - 2025-04-30 16:38:34 --> Error: Cannot call constructor
[Method: GET, Route: vehiculos]
in APPPATH\Controllers\Vehiculo.php on line 9.
 1 SYSTEMPATH\CodeIgniter.php(903): App\Controllers\Vehiculo->__construct()
 2 SYSTEMPATH\CodeIgniter.php(498): CodeIgniter\CodeIgniter->createController()
 3 SYSTEMPATH\CodeIgniter.php(354): CodeIgniter\CodeIgniter->handleRequest(null, Object(Config\Cache), false)
 4 SYSTEMPATH\Boot.php(334): CodeIgniter\CodeIgniter->run()
 5 SYSTEMPATH\Boot.php(67): CodeIgniter\Boot::runCodeIgniter(Object(CodeIgniter\CodeIgniter))
 6 FCPATH\index.php(56): CodeIgniter\Boot::bootWeb(Object(Config\Paths))
CRITICAL - 2025-04-30 16:39:18 --> Error: Cannot call constructor
[Method: GET, Route: vehiculos]
in APPPATH\Controllers\Vehiculo.php on line 9.
 1 SYSTEMPATH\CodeIgniter.php(903): App\Controllers\Vehiculo->__construct()
 2 SYSTEMPATH\CodeIgniter.php(498): CodeIgniter\CodeIgniter->createController()
 3 SYSTEMPATH\CodeIgniter.php(354): CodeIgniter\CodeIgniter->handleRequest(null, Object(Config\Cache), false)
 4 SYSTEMPATH\Boot.php(334): CodeIgniter\CodeIgniter->run()
 5 SYSTEMPATH\Boot.php(67): CodeIgniter\Boot::runCodeIgniter(Object(CodeIgniter\CodeIgniter))
 6 FCPATH\index.php(56): CodeIgniter\Boot::bootWeb(Object(Config\Paths))
CRITICAL - 2025-04-30 16:40:02 --> Error: Class "App\Models\VehiculoModel" not found
[Method: GET, Route: vehiculos]
in APPPATH\Controllers\Vehiculo.php on line 10.
 1 SYSTEMPATH\CodeIgniter.php(903): App\Controllers\Vehiculo->__construct()
 2 SYSTEMPATH\CodeIgniter.php(498): CodeIgniter\CodeIgniter->createController()
 3 SYSTEMPATH\CodeIgniter.php(354): CodeIgniter\CodeIgniter->handleRequest(null, Object(Config\Cache), false)
 4 SYSTEMPATH\Boot.php(334): CodeIgniter\CodeIgniter->run()
 5 SYSTEMPATH\Boot.php(67): CodeIgniter\Boot::runCodeIgniter(Object(CodeIgniter\CodeIgniter))
 6 FCPATH\index.php(56): CodeIgniter\Boot::bootWeb(Object(Config\Paths))
CRITICAL - 2025-04-30 16:40:04 --> Error: Class "App\Models\VehiculoModel" not found
[Method: GET, Route: vehiculos]
in APPPATH\Controllers\Vehiculo.php on line 10.
 1 SYSTEMPATH\CodeIgniter.php(903): App\Controllers\Vehiculo->__construct()
 2 SYSTEMPATH\CodeIgniter.php(498): CodeIgniter\CodeIgniter->createController()
 3 SYSTEMPATH\CodeIgniter.php(354): CodeIgniter\CodeIgniter->handleRequest(null, Object(Config\Cache), false)
 4 SYSTEMPATH\Boot.php(334): CodeIgniter\CodeIgniter->run()
 5 SYSTEMPATH\Boot.php(67): CodeIgniter\Boot::runCodeIgniter(Object(CodeIgniter\CodeIgniter))
 6 FCPATH\index.php(56): CodeIgniter\Boot::bootWeb(Object(Config\Paths))
CRITICAL - 2025-04-30 16:40:22 --> ErrorException: Undefined variable $vehiculoModel
[Method: GET, Route: vehiculos]
in APPPATH\Controllers\Vehiculo.php on line 16.
 1 APPPATH\Controllers\Vehiculo.php(16): CodeIgniter\Debug\Exceptions->errorHandler(2, 'Undefined variable $vehiculoModel', 'D:\\wamp64\\www\\car-crud\\app\\Controllers\\Vehiculo.php', 16)
 2 SYSTEMPATH\CodeIgniter.php(933): App\Controllers\Vehiculo->index()
 3 SYSTEMPATH\CodeIgniter.php(507): CodeIgniter\CodeIgniter->runController(Object(App\Controllers\Vehiculo))
 4 SYSTEMPATH\CodeIgniter.php(354): CodeIgniter\CodeIgniter->handleRequest(null, Object(Config\Cache), false)
 5 SYSTEMPATH\Boot.php(334): CodeIgniter\CodeIgniter->run()
 6 SYSTEMPATH\Boot.php(67): CodeIgniter\Boot::runCodeIgniter(Object(CodeIgniter\CodeIgniter))
 7 FCPATH\index.php(56): CodeIgniter\Boot::bootWeb(Object(Config\Paths))
CRITICAL - 2025-04-30 16:40:24 --> ErrorException: Undefined variable $vehiculoModel
[Method: GET, Route: vehiculos]
in APPPATH\Controllers\Vehiculo.php on line 16.
 1 APPPATH\Controllers\Vehiculo.php(16): CodeIgniter\Debug\Exceptions->errorHandler(2, 'Undefined variable $vehiculoModel', 'D:\\wamp64\\www\\car-crud\\app\\Controllers\\Vehiculo.php', 16)
 2 SYSTEMPATH\CodeIgniter.php(933): App\Controllers\Vehiculo->index()
 3 SYSTEMPATH\CodeIgniter.php(507): CodeIgniter\CodeIgniter->runController(Object(App\Controllers\Vehiculo))
 4 SYSTEMPATH\CodeIgniter.php(354): CodeIgniter\CodeIgniter->handleRequest(null, Object(Config\Cache), false)
 5 SYSTEMPATH\Boot.php(334): CodeIgniter\CodeIgniter->run()
 6 SYSTEMPATH\Boot.php(67): CodeIgniter\Boot::runCodeIgniter(Object(CodeIgniter\CodeIgniter))
 7 FCPATH\index.php(56): CodeIgniter\Boot::bootWeb(Object(Config\Paths))
CRITICAL - 2025-04-30 16:40:37 --> Error: Class "App\Models\VehiculoModel" not found
[Method: GET, Route: vehiculos]
in APPPATH\Controllers\Vehiculo.php on line 10.
 1 SYSTEMPATH\CodeIgniter.php(903): App\Controllers\Vehiculo->__construct()
 2 SYSTEMPATH\CodeIgniter.php(498): CodeIgniter\CodeIgniter->createController()
 3 SYSTEMPATH\CodeIgniter.php(354): CodeIgniter\CodeIgniter->handleRequest(null, Object(Config\Cache), false)
 4 SYSTEMPATH\Boot.php(334): CodeIgniter\CodeIgniter->run()
 5 SYSTEMPATH\Boot.php(67): CodeIgniter\Boot::runCodeIgniter(Object(CodeIgniter\CodeIgniter))
 6 FCPATH\index.php(56): CodeIgniter\Boot::bootWeb(Object(Config\Paths))
CRITICAL - 2025-04-30 16:40:38 --> Error: Class "App\Models\VehiculoModel" not found
[Method: GET, Route: vehiculos]
in APPPATH\Controllers\Vehiculo.php on line 10.
 1 SYSTEMPATH\CodeIgniter.php(903): App\Controllers\Vehiculo->__construct()
 2 SYSTEMPATH\CodeIgniter.php(498): CodeIgniter\CodeIgniter->createController()
 3 SYSTEMPATH\CodeIgniter.php(354): CodeIgniter\CodeIgniter->handleRequest(null, Object(Config\Cache), false)
 4 SYSTEMPATH\Boot.php(334): CodeIgniter\CodeIgniter->run()
 5 SYSTEMPATH\Boot.php(67): CodeIgniter\Boot::runCodeIgniter(Object(CodeIgniter\CodeIgniter))
 6 FCPATH\index.php(56): CodeIgniter\Boot::bootWeb(Object(Config\Paths))
CRITICAL - 2025-04-30 16:41:39 --> ErrorException: Undefined variable $vehiculoModel
[Method: GET, Route: vehiculos]
in APPPATH\Controllers\Vehiculo.php on line 16.
 1 APPPATH\Controllers\Vehiculo.php(16): CodeIgniter\Debug\Exceptions->errorHandler(2, 'Undefined variable $vehiculoModel', 'D:\\wamp64\\www\\car-crud\\app\\Controllers\\Vehiculo.php', 16)
 2 SYSTEMPATH\CodeIgniter.php(933): App\Controllers\Vehiculo->index()
 3 SYSTEMPATH\CodeIgniter.php(507): CodeIgniter\CodeIgniter->runController(Object(App\Controllers\Vehiculo))
 4 SYSTEMPATH\CodeIgniter.php(354): CodeIgniter\CodeIgniter->handleRequest(null, Object(Config\Cache), false)
 5 SYSTEMPATH\Boot.php(334): CodeIgniter\CodeIgniter->run()
 6 SYSTEMPATH\Boot.php(67): CodeIgniter\Boot::runCodeIgniter(Object(CodeIgniter\CodeIgniter))
 7 FCPATH\index.php(56): CodeIgniter\Boot::bootWeb(Object(Config\Paths))
CRITICAL - 2025-04-30 16:41:40 --> ErrorException: Undefined variable $vehiculoModel
[Method: GET, Route: vehiculos]
in APPPATH\Controllers\Vehiculo.php on line 16.
 1 APPPATH\Controllers\Vehiculo.php(16): CodeIgniter\Debug\Exceptions->errorHandler(2, 'Undefined variable $vehiculoModel', 'D:\\wamp64\\www\\car-crud\\app\\Controllers\\Vehiculo.php', 16)
 2 SYSTEMPATH\CodeIgniter.php(933): App\Controllers\Vehiculo->index()
 3 SYSTEMPATH\CodeIgniter.php(507): CodeIgniter\CodeIgniter->runController(Object(App\Controllers\Vehiculo))
 4 SYSTEMPATH\CodeIgniter.php(354): CodeIgniter\CodeIgniter->handleRequest(null, Object(Config\Cache), false)
 5 SYSTEMPATH\Boot.php(334): CodeIgniter\CodeIgniter->run()
 6 SYSTEMPATH\Boot.php(67): CodeIgniter\Boot::runCodeIgniter(Object(CodeIgniter\CodeIgniter))
 7 FCPATH\index.php(56): CodeIgniter\Boot::bootWeb(Object(Config\Paths))
CRITICAL - 2025-04-30 16:41:42 --> ErrorException: Undefined variable $vehiculoModel
[Method: GET, Route: vehiculos]
in APPPATH\Controllers\Vehiculo.php on line 16.
 1 APPPATH\Controllers\Vehiculo.php(16): CodeIgniter\Debug\Exceptions->errorHandler(2, 'Undefined variable $vehiculoModel', 'D:\\wamp64\\www\\car-crud\\app\\Controllers\\Vehiculo.php', 16)
 2 SYSTEMPATH\CodeIgniter.php(933): App\Controllers\Vehiculo->index()
 3 SYSTEMPATH\CodeIgniter.php(507): CodeIgniter\CodeIgniter->runController(Object(App\Controllers\Vehiculo))
 4 SYSTEMPATH\CodeIgniter.php(354): CodeIgniter\CodeIgniter->handleRequest(null, Object(Config\Cache), false)
 5 SYSTEMPATH\Boot.php(334): CodeIgniter\CodeIgniter->run()
 6 SYSTEMPATH\Boot.php(67): CodeIgniter\Boot::runCodeIgniter(Object(CodeIgniter\CodeIgniter))
 7 FCPATH\index.php(56): CodeIgniter\Boot::bootWeb(Object(Config\Paths))
CRITICAL - 2025-04-30 16:42:23 --> ErrorException: Undefined variable $vehiculoModel
[Method: GET, Route: vehiculos]
in APPPATH\Controllers\Vehiculo.php on line 17.
 1 APPPATH\Controllers\Vehiculo.php(17): CodeIgniter\Debug\Exceptions->errorHandler(2, 'Undefined variable $vehiculoModel', 'D:\\wamp64\\www\\car-crud\\app\\Controllers\\Vehiculo.php', 17)
 2 SYSTEMPATH\CodeIgniter.php(933): App\Controllers\Vehiculo->index()
 3 SYSTEMPATH\CodeIgniter.php(507): CodeIgniter\CodeIgniter->runController(Object(App\Controllers\Vehiculo))
 4 SYSTEMPATH\CodeIgniter.php(354): CodeIgniter\CodeIgniter->handleRequest(null, Object(Config\Cache), false)
 5 SYSTEMPATH\Boot.php(334): CodeIgniter\CodeIgniter->run()
 6 SYSTEMPATH\Boot.php(67): CodeIgniter\Boot::runCodeIgniter(Object(CodeIgniter\CodeIgniter))
 7 FCPATH\index.php(56): CodeIgniter\Boot::bootWeb(Object(Config\Paths))
CRITICAL - 2025-04-30 16:42:25 --> ErrorException: Undefined variable $vehiculoModel
[Method: GET, Route: vehiculos]
in APPPATH\Controllers\Vehiculo.php on line 17.
 1 APPPATH\Controllers\Vehiculo.php(17): CodeIgniter\Debug\Exceptions->errorHandler(2, 'Undefined variable $vehiculoModel', 'D:\\wamp64\\www\\car-crud\\app\\Controllers\\Vehiculo.php', 17)
 2 SYSTEMPATH\CodeIgniter.php(933): App\Controllers\Vehiculo->index()
 3 SYSTEMPATH\CodeIgniter.php(507): CodeIgniter\CodeIgniter->runController(Object(App\Controllers\Vehiculo))
 4 SYSTEMPATH\CodeIgniter.php(354): CodeIgniter\CodeIgniter->handleRequest(null, Object(Config\Cache), false)
 5 SYSTEMPATH\Boot.php(334): CodeIgniter\CodeIgniter->run()
 6 SYSTEMPATH\Boot.php(67): CodeIgniter\Boot::runCodeIgniter(Object(CodeIgniter\CodeIgniter))
 7 FCPATH\index.php(56): CodeIgniter\Boot::bootWeb(Object(Config\Paths))
CRITICAL - 2025-04-30 17:16:32 --> TypeError: App\Controllers\Vehiculo::listado(): Return value must be of type string, CodeIgniter\HTTP\Response returned
[Method: GET, Route: list]
in APPPATH\Controllers\Vehiculo.php on line 23.
 1 SYSTEMPATH\CodeIgniter.php(933): App\Controllers\Vehiculo->listado()
 2 SYSTEMPATH\CodeIgniter.php(507): CodeIgniter\CodeIgniter->runController(Object(App\Controllers\Vehiculo))
 3 SYSTEMPATH\CodeIgniter.php(354): CodeIgniter\CodeIgniter->handleRequest(null, Object(Config\Cache), false)
 4 SYSTEMPATH\Boot.php(334): CodeIgniter\CodeIgniter->run()
 5 SYSTEMPATH\Boot.php(67): CodeIgniter\Boot::runCodeIgniter(Object(CodeIgniter\CodeIgniter))
 6 FCPATH\index.php(56): CodeIgniter\Boot::bootWeb(Object(Config\Paths))
CRITICAL - 2025-04-30 17:16:56 --> TypeError: App\Controllers\Vehiculo::listado(): Return value must be of type string, CodeIgniter\HTTP\Response returned
[Method: GET, Route: list]
in APPPATH\Controllers\Vehiculo.php on line 23.
 1 SYSTEMPATH\CodeIgniter.php(933): App\Controllers\Vehiculo->listado()
 2 SYSTEMPATH\CodeIgniter.php(507): CodeIgniter\CodeIgniter->runController(Object(App\Controllers\Vehiculo))
 3 SYSTEMPATH\CodeIgniter.php(354): CodeIgniter\CodeIgniter->handleRequest(null, Object(Config\Cache), false)
 4 SYSTEMPATH\Boot.php(334): CodeIgniter\CodeIgniter->run()
 5 SYSTEMPATH\Boot.php(67): CodeIgniter\Boot::runCodeIgniter(Object(CodeIgniter\CodeIgniter))
 6 FCPATH\index.php(56): CodeIgniter\Boot::bootWeb(Object(Config\Paths))
CRITICAL - 2025-04-30 22:23:42 --> ErrorException: Undefined variable $codVehiculo
[Method: POST, Route: delete_vehiculo]
in APPPATH\Controllers\Vehiculo.php on line 75.
 1 APPPATH\Controllers\Vehiculo.php(75): CodeIgniter\Debug\Exceptions->errorHandler(2, 'Undefined variable $codVehiculo', 'D:\\wamp64\\www\\car-crud\\app\\Controllers\\Vehiculo.php', 75)
 2 SYSTEMPATH\CodeIgniter.php(933): App\Controllers\Vehiculo->updateVehiculo()
 3 SYSTEMPATH\CodeIgniter.php(507): CodeIgniter\CodeIgniter->runController(Object(App\Controllers\Vehiculo))
 4 SYSTEMPATH\CodeIgniter.php(354): CodeIgniter\CodeIgniter->handleRequest(null, Object(Config\Cache), false)
 5 SYSTEMPATH\Boot.php(334): CodeIgniter\CodeIgniter->run()
 6 SYSTEMPATH\Boot.php(67): CodeIgniter\Boot::runCodeIgniter(Object(CodeIgniter\CodeIgniter))
 7 FCPATH\index.php(56): CodeIgniter\Boot::bootWeb(Object(Config\Paths))
CRITICAL - 2025-04-30 22:31:19 --> CodeIgniter\Database\Exceptions\DatabaseException: Updates are not allowed unless they contain a "where" or "like" clause.
[Method: POST, Route: delete_vehiculo]
in SYSTEMPATH\Model.php on line 456.
 1 SYSTEMPATH\BaseModel.php(1027): CodeIgniter\Model->doUpdate(null, [...])
 2 SYSTEMPATH\Model.php(863): CodeIgniter\BaseModel->update(null, [...])
 3 APPPATH\Models\VehiculoModel.php(43): CodeIgniter\Model->update(null, [...])
 4 APPPATH\Controllers\Vehiculo.php(75): App\Models\VehiculoModel->updateVehiculo(null, [...])
 5 SYSTEMPATH\CodeIgniter.php(933): App\Controllers\Vehiculo->updateVehiculo()
 6 SYSTEMPATH\CodeIgniter.php(507): CodeIgniter\CodeIgniter->runController(Object(App\Controllers\Vehiculo))
 7 SYSTEMPATH\CodeIgniter.php(354): CodeIgniter\CodeIgniter->handleRequest(null, Object(Config\Cache), false)
 8 SYSTEMPATH\Boot.php(334): CodeIgniter\CodeIgniter->run()
 9 SYSTEMPATH\Boot.php(67): CodeIgniter\Boot::runCodeIgniter(Object(CodeIgniter\CodeIgniter))
10 FCPATH\index.php(56): CodeIgniter\Boot::bootWeb(Object(Config\Paths))
