CRITICAL - 2025-04-28 21:08:19 --> TypeError: App\Controllers\Vehiculo::index(): Return value must be of type string, none returned
[Method: GET, Route: vehiculos]
in APPPATH\Controllers\Vehiculo.php on line 12.
 1 SYSTEMPATH\CodeIgniter.php(933): App\Controllers\Vehiculo->index()
 2 SYSTEMPATH\CodeIgniter.php(507): CodeIgniter\CodeIgniter->runController(Object(App\Controllers\Vehiculo))
 3 SYSTEMPATH\CodeIgniter.php(354): CodeIgniter\CodeIgniter->handleRequest(null, Object(Config\Cache), false)
 4 SYSTEMPATH\Boot.php(334): CodeIgniter\CodeIgniter->run()
 5 SYSTEMPATH\Boot.php(67): CodeIgniter\Boot::runCodeIgniter(Object(CodeIgniter\CodeIgniter))
 6 FCPATH\index.php(56): CodeIgniter\Boot::bootWeb(Object(Config\Paths))
CRITICAL - 2025-04-28 21:08:35 --> TypeError: App\Controllers\Vehiculo::index(): Return value must be of type string, none returned
[Method: GET, Route: vehiculos]
in APPPATH\Controllers\Vehiculo.php on line 12.
 1 SYSTEMPATH\CodeIgniter.php(933): App\Controllers\Vehiculo->index()
 2 SYSTEMPATH\CodeIgniter.php(507): CodeIgniter\CodeIgniter->runController(Object(App\Controllers\Vehiculo))
 3 SYSTEMPATH\CodeIgniter.php(354): CodeIgniter\CodeIgniter->handleRequest(null, Object(Config\Cache), false)
 4 SYSTEMPATH\Boot.php(334): CodeIgniter\CodeIgniter->run()
 5 SYSTEMPATH\Boot.php(67): CodeIgniter\Boot::runCodeIgniter(Object(CodeIgniter\CodeIgniter))
 6 FCPATH\index.php(56): CodeIgniter\Boot::bootWeb(Object(Config\Paths))
CRITICAL - 2025-04-28 21:09:07 --> TypeError: App\Controllers\Vehiculo::index(): Return value must be of type string, none returned
[Method: GET, Route: vehiculos]
in APPPATH\Controllers\Vehiculo.php on line 12.
 1 SYSTEMPATH\CodeIgniter.php(933): App\Controllers\Vehiculo->index()
 2 SYSTEMPATH\CodeIgniter.php(507): CodeIgniter\CodeIgniter->runController(Object(App\Controllers\Vehiculo))
 3 SYSTEMPATH\CodeIgniter.php(354): CodeIgniter\CodeIgniter->handleRequest(null, Object(Config\Cache), false)
 4 SYSTEMPATH\Boot.php(334): CodeIgniter\CodeIgniter->run()
 5 SYSTEMPATH\Boot.php(67): CodeIgniter\Boot::runCodeIgniter(Object(CodeIgniter\CodeIgniter))
 6 FCPATH\index.php(56): CodeIgniter\Boot::bootWeb(Object(Config\Paths))
CRITICAL - 2025-04-28 21:10:16 --> TypeError: App\Controllers\Vehiculo::index(): Return value must be of type string, none returned
[Method: GET, Route: vehiculos]
in APPPATH\Controllers\Vehiculo.php on line 12.
 1 SYSTEMPATH\CodeIgniter.php(933): App\Controllers\Vehiculo->index()
 2 SYSTEMPATH\CodeIgniter.php(507): CodeIgniter\CodeIgniter->runController(Object(App\Controllers\Vehiculo))
 3 SYSTEMPATH\CodeIgniter.php(354): CodeIgniter\CodeIgniter->handleRequest(null, Object(Config\Cache), false)
 4 SYSTEMPATH\Boot.php(334): CodeIgniter\CodeIgniter->run()
 5 SYSTEMPATH\Boot.php(67): CodeIgniter\Boot::runCodeIgniter(Object(CodeIgniter\CodeIgniter))
 6 FCPATH\index.php(56): CodeIgniter\Boot::bootWeb(Object(Config\Paths))
CRITICAL - 2025-04-28 21:11:13 --> TypeError: App\Controllers\Vehiculo::index(): Return value must be of type string, none returned
[Method: GET, Route: vehiculos]
in APPPATH\Controllers\Vehiculo.php on line 12.
 1 SYSTEMPATH\CodeIgniter.php(933): App\Controllers\Vehiculo->index()
 2 SYSTEMPATH\CodeIgniter.php(507): CodeIgniter\CodeIgniter->runController(Object(App\Controllers\Vehiculo))
 3 SYSTEMPATH\CodeIgniter.php(354): CodeIgniter\CodeIgniter->handleRequest(null, Object(Config\Cache), false)
 4 SYSTEMPATH\Boot.php(334): CodeIgniter\CodeIgniter->run()
 5 SYSTEMPATH\Boot.php(67): CodeIgniter\Boot::runCodeIgniter(Object(CodeIgniter\CodeIgniter))
 6 FCPATH\index.php(56): CodeIgniter\Boot::bootWeb(Object(Config\Paths))
CRITICAL - 2025-04-28 21:11:27 --> TypeError: App\Controllers\Vehiculo::index(): Return value must be of type string, none returned
[Method: GET, Route: vehiculos]
in APPPATH\Controllers\Vehiculo.php on line 12.
 1 SYSTEMPATH\CodeIgniter.php(933): App\Controllers\Vehiculo->index()
 2 SYSTEMPATH\CodeIgniter.php(507): CodeIgniter\CodeIgniter->runController(Object(App\Controllers\Vehiculo))
 3 SYSTEMPATH\CodeIgniter.php(354): CodeIgniter\CodeIgniter->handleRequest(null, Object(Config\Cache), false)
 4 SYSTEMPATH\Boot.php(334): CodeIgniter\CodeIgniter->run()
 5 SYSTEMPATH\Boot.php(67): CodeIgniter\Boot::runCodeIgniter(Object(CodeIgniter\CodeIgniter))
 6 FCPATH\index.php(56): CodeIgniter\Boot::bootWeb(Object(Config\Paths))
CRITICAL - 2025-04-28 21:11:28 --> TypeError: App\Controllers\Vehiculo::index(): Return value must be of type string, none returned
[Method: GET, Route: vehiculos]
in APPPATH\Controllers\Vehiculo.php on line 12.
 1 SYSTEMPATH\CodeIgniter.php(933): App\Controllers\Vehiculo->index()
 2 SYSTEMPATH\CodeIgniter.php(507): CodeIgniter\CodeIgniter->runController(Object(App\Controllers\Vehiculo))
 3 SYSTEMPATH\CodeIgniter.php(354): CodeIgniter\CodeIgniter->handleRequest(null, Object(Config\Cache), false)
 4 SYSTEMPATH\Boot.php(334): CodeIgniter\CodeIgniter->run()
 5 SYSTEMPATH\Boot.php(67): CodeIgniter\Boot::runCodeIgniter(Object(CodeIgniter\CodeIgniter))
 6 FCPATH\index.php(56): CodeIgniter\Boot::bootWeb(Object(Config\Paths))
CRITICAL - 2025-04-28 21:11:28 --> TypeError: App\Controllers\Vehiculo::index(): Return value must be of type string, none returned
[Method: GET, Route: vehiculos]
in APPPATH\Controllers\Vehiculo.php on line 12.
 1 SYSTEMPATH\CodeIgniter.php(933): App\Controllers\Vehiculo->index()
 2 SYSTEMPATH\CodeIgniter.php(507): CodeIgniter\CodeIgniter->runController(Object(App\Controllers\Vehiculo))
 3 SYSTEMPATH\CodeIgniter.php(354): CodeIgniter\CodeIgniter->handleRequest(null, Object(Config\Cache), false)
 4 SYSTEMPATH\Boot.php(334): CodeIgniter\CodeIgniter->run()
 5 SYSTEMPATH\Boot.php(67): CodeIgniter\Boot::runCodeIgniter(Object(CodeIgniter\CodeIgniter))
 6 FCPATH\index.php(56): CodeIgniter\Boot::bootWeb(Object(Config\Paths))
CRITICAL - 2025-04-28 21:11:32 --> TypeError: App\Controllers\Vehiculo::listado(): Return value must be of type string, none returned
[Method: GET, Route: list]
in APPPATH\Controllers\Vehiculo.php on line 16.
 1 SYSTEMPATH\CodeIgniter.php(933): App\Controllers\Vehiculo->listado()
 2 SYSTEMPATH\CodeIgniter.php(507): CodeIgniter\CodeIgniter->runController(Object(App\Controllers\Vehiculo))
 3 SYSTEMPATH\CodeIgniter.php(354): CodeIgniter\CodeIgniter->handleRequest(null, Object(Config\Cache), false)
 4 SYSTEMPATH\Boot.php(334): CodeIgniter\CodeIgniter->run()
 5 SYSTEMPATH\Boot.php(67): CodeIgniter\Boot::runCodeIgniter(Object(CodeIgniter\CodeIgniter))
 6 FCPATH\index.php(56): CodeIgniter\Boot::bootWeb(Object(Config\Paths))
